// Jest Snapshot v1, https://goo.gl/fbAQLP

exports[`LandingPage matches the snapshot 1`] = `
Array [
  "",
  <div
    className="landingPage"
  >
    <header
      className="header"
    >
      <div
        className="hero"
      />
      <span
        className="version"
      >
        v 0.1 
        <strong>
          Beta
        </strong>
      </span>
      <div
        className="btnContainer"
      >
        <a
          className="btn btn"
          href="/signup"
          onClick={[Function]}
          style={
            Object {
              "color": "var(--sub-text)",
            }
          }
        >
          Sign up
        </a>
        <a
          className="btn btn"
          href="/login"
          onClick={[Function]}
        >
          Log in
        </a>
      </div>
      <div
        className="titleContainer"
      >
        <h1>
          A new way to collaborate!
        </h1>
        <h2>
          Welcome to the TeamApp
        </h2>
      </div>
    </header>
    <div>
      <section>
        <h3>
          About
        </h3>
        <p>
          TeamApp is a new collaboration platform, helping people to team up and work together.
          <br />
          <br />
        </p>
        <img
          alt="ipad demo"
          src="ipad.png"
        />
        <p>
          If you want to:
        </p>
        <ul>
          <li>
            Bring your great idea into life
          </li>
          <li>
            Volunteer to an open source project
          </li>
          <li>
            Gain a real working experience
          </li>
          <li>
            Level up your skills
          </li>
        </ul>
        <p
          style={
            Object {
              "textAlign": "center",
            }
          }
        >
          - TeamApp is a great tool for all of that!
        </p>
        <img
          alt="iphone demo"
          src="iphone.png"
        />
      </section>
      <section>
        <h3>
          How to start?
        </h3>
        <p>
          Simple!
        </p>
        <ul>
          <li>
            Sign up for an account
          </li>
          <li>
            Set up a profile
          </li>
          <li>
            Create / Join a project
          </li>
          <li>
            Collaborate with a team
          </li>
        </ul>
        <img
          alt="join a project demo"
          src="join_demo.png"
        />
      </section>
      <section>
        <button
          className="btn guestBtn "
          onClick={[Function]}
        >
          Just curious? - Continue as a guest
        </button>
        <p
          className="devMsg"
        >
          Please note TeamApp is still in development. 
          <br />
          More features coming soon! 
          <br />
          If you'd like to contribute to the project, please visit our
          <a
            href="https://github.com"
          >
             github page
          </a>
        </p>
      </section>
      <footer>
        <a
          href="https://github.com"
        >
          Â©
           2019 Alec Kan
        </a>
      </footer>
    </div>
  </div>,
]
`;
